exports[`component length zero 1`] = `[AssertionError: Specified root component in waitForElement not found.]`;

exports[`component length zero 2`] = `[AssertionError: Specified root component in waitForText not found.]`;

exports[`no component 1`] = `[AssertionError: No root component specified in waitForElement.]`;

exports[`no component 2`] = `[AssertionError: No root component specified in waitForText.]`;

exports[`no selector 1`] = `[AssertionError: No selector specified in waitForElement.]`;

exports[`no selector 2`] = `[AssertionError: No text specified in waitForText.]`;

exports[`run into timeout 1`] = `[AssertionError: Expected to find mockSelector within 2000ms, but it was never found.]`;

exports[`run into timeout 2`] = `[AssertionError: Expected to find mock text within 2000ms, but it was never found.]`;
